id,date_day
10,2020-01-01
20,2020-01-01
30,2020-01-02
40,2020-01-02
