id,date_time
10,2020-01-01 00:00:00
20,2020-01-01 00:00:00
30,2020-01-02 00:00:00
40,2020-01-02 00:00:00
