id,date_int
10,20200101
20,20200101
30,20200102
40,20200102
